Testing with: C:\Users\user\Pictures\Screenshots\스크린샷 2025-11-13 220802.png
Error during vision analysis: 'cp949' codec can't encode character '\U0001f9e0' in position 2: illegal multibyte sequence

==================================================
MODEL: 
==================================================
EXTRACTED TEXT:
--------------------


DESCRIPTION:
--------------------

==================================================
